# serializer version: 1
# name: test_minimal_manifest_canonical_dump
  dict({
    'compat': dict({
      'min_core_version': '',
    }),
    'lib_requirements': list([
    ]),
    'params_schema': dict({
    }),
    'plugin': dict({
      'author': 'Test <test@example.com>',
      'category': '',
      'description': 'Test plugin',
      'entry_point': dict({
        'class': 'HelloPlugin',
        'module': 'hello_world',
      }),
      'id': 'hello_world',
      'kind': 'validation',
      'name': 'hello_world',
      'stability': 'stable',
      'supported_strategies': list([
      ]),
      'version': '1.0.0',
    }),
    'required_env': list([
    ]),
    'schema_version': 5,
    'suggested_params': dict({
    }),
    'suggested_thresholds': dict({
    }),
    'thresholds_schema': dict({
    }),
  })
# ---
